// Jest Snapshot v1, https://goo.gl/fbAQLP

exports[`Location Bar: Location 1`] = `
Object {
  "asFragment": [Function],
  "baseElement": <body>
    <div>
      <button
        class="MuiButtonBase-root"
        location="test"
        tabindex="0"
        type="button"
      >
        <svg
          aria-hidden="true"
          class="MuiSvgIcon-root Icon-root-1 Icon-root-2"
          focusable="false"
          variant="Location"
          viewBox="0 0 24 24"
        >
          <span />
        </svg>
        <p
          class="MuiTypography-root WithStyles(ForwardRef(Typography))-root-5 WithStyles(ForwardRef(Typography))-root-6 Styled(WithStyles(ForwardRef(Typography)))-root-3 Styled(WithStyles(ForwardRef(Typography)))-root-4 MuiTypography-body1"
        >
          test
        </p>
        <span
          class="MuiTouchRipple-root"
        />
      </button>
    </div>
  </body>,
  "container": <div>
    <button
      class="MuiButtonBase-root"
      location="test"
      tabindex="0"
      type="button"
    >
      <svg
        aria-hidden="true"
        class="MuiSvgIcon-root Icon-root-1 Icon-root-2"
        focusable="false"
        variant="Location"
        viewBox="0 0 24 24"
      >
        <span />
      </svg>
      <p
        class="MuiTypography-root WithStyles(ForwardRef(Typography))-root-5 WithStyles(ForwardRef(Typography))-root-6 Styled(WithStyles(ForwardRef(Typography)))-root-3 Styled(WithStyles(ForwardRef(Typography)))-root-4 MuiTypography-body1"
      >
        test
      </p>
      <span
        class="MuiTouchRipple-root"
      />
    </button>
  </div>,
  "debug": [Function],
  "findAllByAltText": [Function],
  "findAllByDisplayValue": [Function],
  "findAllByLabelText": [Function],
  "findAllByPlaceholderText": [Function],
  "findAllByRole": [Function],
  "findAllByTestId": [Function],
  "findAllByText": [Function],
  "findAllByTitle": [Function],
  "findByAltText": [Function],
  "findByDisplayValue": [Function],
  "findByLabelText": [Function],
  "findByPlaceholderText": [Function],
  "findByRole": [Function],
  "findByTestId": [Function],
  "findByText": [Function],
  "findByTitle": [Function],
  "getAllByAltText": [Function],
  "getAllByDisplayValue": [Function],
  "getAllByLabelText": [Function],
  "getAllByPlaceholderText": [Function],
  "getAllByRole": [Function],
  "getAllByTestId": [Function],
  "getAllByText": [Function],
  "getAllByTitle": [Function],
  "getByAltText": [Function],
  "getByDisplayValue": [Function],
  "getByLabelText": [Function],
  "getByPlaceholderText": [Function],
  "getByRole": [Function],
  "getByTestId": [Function],
  "getByText": [Function],
  "getByTitle": [Function],
  "queryAllByAltText": [Function],
  "queryAllByDisplayValue": [Function],
  "queryAllByLabelText": [Function],
  "queryAllByPlaceholderText": [Function],
  "queryAllByRole": [Function],
  "queryAllByTestId": [Function],
  "queryAllByText": [Function],
  "queryAllByTitle": [Function],
  "queryByAltText": [Function],
  "queryByDisplayValue": [Function],
  "queryByLabelText": [Function],
  "queryByPlaceholderText": [Function],
  "queryByRole": [Function],
  "queryByTestId": [Function],
  "queryByText": [Function],
  "queryByTitle": [Function],
  "rerender": [Function],
  "unmount": [Function],
}
`;
