// Jest Snapshot v1, https://goo.gl/fbAQLP

exports[`HeaderNavList: HeaderNavList 1`] = `
Object {
  "asFragment": [Function],
  "baseElement": <body>
    <div>
      <div
        class=""
      >
        <button
          class="MuiButtonBase-root MuiButton-root MuiButton-text WithStyles(ForwardRef(Button))-root-1 WithStyles(ForwardRef(Button))-root-2 MuiButton-textSecondary"
          label="Explore"
          tabindex="0"
          type="button"
        >
          <span
            class="MuiButton-label"
          >
            <p
              class="MuiTypography-root MuiTypography-body1"
            >
              Explore
            </p>
          </span>
          <span
            class="MuiTouchRipple-root"
          />
        </button>
        <button
          class="MuiButtonBase-root MuiButton-root MuiButton-text WithStyles(ForwardRef(Button))-root-1 WithStyles(ForwardRef(Button))-root-3 MuiButton-textSecondary"
          label="Menu"
          tabindex="0"
          type="button"
        >
          <span
            class="MuiButton-label"
          >
            <p
              class="MuiTypography-root MuiTypography-body1"
            >
              Menu
            </p>
          </span>
          <span
            class="MuiTouchRipple-root"
          />
        </button>
        <button
          class="MuiButtonBase-root MuiButton-root MuiButton-text WithStyles(ForwardRef(Button))-root-1 WithStyles(ForwardRef(Button))-root-4 MuiButton-textSecondary"
          label="Stories"
          tabindex="0"
          type="button"
        >
          <span
            class="MuiButton-label"
          >
            <p
              class="MuiTypography-root MuiTypography-body1"
            >
              Stories
            </p>
          </span>
          <span
            class="MuiTouchRipple-root"
          />
        </button>
      </div>
    </div>
  </body>,
  "container": <div>
    <div
      class=""
    >
      <button
        class="MuiButtonBase-root MuiButton-root MuiButton-text WithStyles(ForwardRef(Button))-root-1 WithStyles(ForwardRef(Button))-root-2 MuiButton-textSecondary"
        label="Explore"
        tabindex="0"
        type="button"
      >
        <span
          class="MuiButton-label"
        >
          <p
            class="MuiTypography-root MuiTypography-body1"
          >
            Explore
          </p>
        </span>
        <span
          class="MuiTouchRipple-root"
        />
      </button>
      <button
        class="MuiButtonBase-root MuiButton-root MuiButton-text WithStyles(ForwardRef(Button))-root-1 WithStyles(ForwardRef(Button))-root-3 MuiButton-textSecondary"
        label="Menu"
        tabindex="0"
        type="button"
      >
        <span
          class="MuiButton-label"
        >
          <p
            class="MuiTypography-root MuiTypography-body1"
          >
            Menu
          </p>
        </span>
        <span
          class="MuiTouchRipple-root"
        />
      </button>
      <button
        class="MuiButtonBase-root MuiButton-root MuiButton-text WithStyles(ForwardRef(Button))-root-1 WithStyles(ForwardRef(Button))-root-4 MuiButton-textSecondary"
        label="Stories"
        tabindex="0"
        type="button"
      >
        <span
          class="MuiButton-label"
        >
          <p
            class="MuiTypography-root MuiTypography-body1"
          >
            Stories
          </p>
        </span>
        <span
          class="MuiTouchRipple-root"
        />
      </button>
    </div>
  </div>,
  "debug": [Function],
  "findAllByAltText": [Function],
  "findAllByDisplayValue": [Function],
  "findAllByLabelText": [Function],
  "findAllByPlaceholderText": [Function],
  "findAllByRole": [Function],
  "findAllByTestId": [Function],
  "findAllByText": [Function],
  "findAllByTitle": [Function],
  "findByAltText": [Function],
  "findByDisplayValue": [Function],
  "findByLabelText": [Function],
  "findByPlaceholderText": [Function],
  "findByRole": [Function],
  "findByTestId": [Function],
  "findByText": [Function],
  "findByTitle": [Function],
  "getAllByAltText": [Function],
  "getAllByDisplayValue": [Function],
  "getAllByLabelText": [Function],
  "getAllByPlaceholderText": [Function],
  "getAllByRole": [Function],
  "getAllByTestId": [Function],
  "getAllByText": [Function],
  "getAllByTitle": [Function],
  "getByAltText": [Function],
  "getByDisplayValue": [Function],
  "getByLabelText": [Function],
  "getByPlaceholderText": [Function],
  "getByRole": [Function],
  "getByTestId": [Function],
  "getByText": [Function],
  "getByTitle": [Function],
  "queryAllByAltText": [Function],
  "queryAllByDisplayValue": [Function],
  "queryAllByLabelText": [Function],
  "queryAllByPlaceholderText": [Function],
  "queryAllByRole": [Function],
  "queryAllByTestId": [Function],
  "queryAllByText": [Function],
  "queryAllByTitle": [Function],
  "queryByAltText": [Function],
  "queryByDisplayValue": [Function],
  "queryByLabelText": [Function],
  "queryByPlaceholderText": [Function],
  "queryByRole": [Function],
  "queryByTestId": [Function],
  "queryByText": [Function],
  "queryByTitle": [Function],
  "rerender": [Function],
  "unmount": [Function],
}
`;
